// Jest Snapshot v1, https://goo.gl/fbAQLP

exports[`withDeviceSize calculates size based on browser widths 1`] = `
<div>
  <div>
    My Block
  </div>
</div>
`;
